// Vitest Snapshot v1, https://vitest.dev/guide/snapshot.html

exports[`formatFailedTestsAnnotations > should format failed tests annotations for PR 1`] = `
{
  "conclusion": "failure",
  "head_sha": "987654",
  "name": "Tests annotations (ðŸ§ª jest-coverage-report-action)",
  "output": {
    "annotations": [
      {
        "annotation_level": "failure",
        "end_line": 25,
        "message": "Test failed...",
        "path": "tests/index.test.ts",
        "start_line": 30,
        "title": "test > lol > a",
      },
      {
        "annotation_level": "failure",
        "end_line": 11,
        "message": "Test failed...",
        "path": "tests/sendMessage.test.ts",
        "start_line": 11,
        "title": "test > lol > a",
      },
    ],
    "summary": "Some summary",
    "text": "Created failed tests' annotations. To disable them, see [documentation](https://github.com/ArtiomTr/jest-coverage-report-action#jest-coverage-report-).
Failures",
    "title": "Test suite run failed",
  },
  "owner": "test-bot",
  "repo": "test",
  "status": "completed",
}
`;

exports[`formatFailedTestsAnnotations > should format failed tests annotations for commit 1`] = `
{
  "conclusion": "failure",
  "head_sha": "as12d1",
  "name": "Tests annotations (ðŸ§ª jest-coverage-report-action)",
  "output": {
    "annotations": [
      {
        "annotation_level": "failure",
        "end_line": 25,
        "message": "Test failed...",
        "path": "tests/index.test.ts",
        "start_line": 30,
        "title": "test > lol > a",
      },
      {
        "annotation_level": "failure",
        "end_line": 11,
        "message": "Test failed...",
        "path": "tests/sendMessage.test.ts",
        "start_line": 11,
        "title": "test > lol > a",
      },
    ],
    "summary": "Some summary",
    "text": "Created failed tests' annotations. To disable them, see [documentation](https://github.com/ArtiomTr/jest-coverage-report-action#jest-coverage-report-).
Failures",
    "title": "Test suite run failed",
  },
  "owner": "test-bot",
  "repo": "test",
  "status": "completed",
}
`;

exports[`formatFailedTestsAnnotations > should return only 50 annotations 1`] = `
{
  "conclusion": "failure",
  "head_sha": "as12d1",
  "name": "Tests annotations (ðŸ§ª jest-coverage-report-action)",
  "output": {
    "annotations": [
      {
        "annotation_level": "failure",
        "end_line": 25,
        "message": "Test failed...",
        "path": "tests/index.test.ts",
        "start_line": 30,
        "title": "test > lol > a",
      },
      {
        "annotation_level": "failure",
        "end_line": 25,
        "message": "Test failed...",
        "path": "tests/index.test.ts",
        "start_line": 30,
        "title": "test > lol > a",
      },
      {
        "annotation_level": "failure",
        "end_line": 25,
        "message": "Test failed...",
        "path": "tests/index.test.ts",
        "start_line": 30,
        "title": "test > lol > a",
      },
      {
        "annotation_level": "failure",
        "end_line": 25,
        "message": "Test failed...",
        "path": "tests/index.test.ts",
        "start_line": 30,
        "title": "test > lol > a",
      },
      {
        "annotation_level": "failure",
        "end_line": 25,
        "message": "Test failed...",
        "path": "tests/index.test.ts",
        "start_line": 30,
        "title": "test > lol > a",
      },
      {
        "annotation_level": "failure",
        "end_line": 25,
        "message": "Test failed...",
        "path": "tests/index.test.ts",
        "start_line": 30,
        "title": "test > lol > a",
      },
      {
        "annotation_level": "failure",
        "end_line": 25,
        "message": "Test failed...",
        "path": "tests/index.test.ts",
        "start_line": 30,
        "title": "test > lol > a",
      },
      {
        "annotation_level": "failure",
        "end_line": 25,
        "message": "Test failed...",
        "path": "tests/index.test.ts",
        "start_line": 30,
        "title": "test > lol > a",
      },
      {
        "annotation_level": "failure",
        "end_line": 25,
        "message": "Test failed...",
        "path": "tests/index.test.ts",
        "start_line": 30,
        "title": "test > lol > a",
      },
      {
        "annotation_level": "failure",
        "end_line": 25,
        "message": "Test failed...",
        "path": "tests/index.test.ts",
        "start_line": 30,
        "title": "test > lol > a",
      },
      {
        "annotation_level": "failure",
        "end_line": 25,
        "message": "Test failed...",
        "path": "tests/index.test.ts",
        "start_line": 30,
        "title": "test > lol > a",
      },
      {
        "annotation_level": "failure",
        "end_line": 25,
        "message": "Test failed...",
        "path": "tests/index.test.ts",
        "start_line": 30,
        "title": "test > lol > a",
      },
      {
        "annotation_level": "failure",
        "end_line": 25,
        "message": "Test failed...",
        "path": "tests/index.test.ts",
        "start_line": 30,
        "title": "test > lol > a",
      },
      {
        "annotation_level": "failure",
        "end_line": 25,
        "message": "Test failed...",
        "path": "tests/index.test.ts",
        "start_line": 30,
        "title": "test > lol > a",
      },
      {
        "annotation_level": "failure",
        "end_line": 25,
        "message": "Test failed...",
        "path": "tests/index.test.ts",
        "start_line": 30,
        "title": "test > lol > a",
      },
      {
        "annotation_level": "failure",
        "end_line": 25,
        "message": "Test failed...",
        "path": "tests/index.test.ts",
        "start_line": 30,
        "title": "test > lol > a",
      },
      {
        "annotation_level": "failure",
        "end_line": 25,
        "message": "Test failed...",
        "path": "tests/index.test.ts",
        "start_line": 30,
        "title": "test > lol > a",
      },
      {
        "annotation_level": "failure",
        "end_line": 25,
        "message": "Test failed...",
        "path": "tests/index.test.ts",
        "start_line": 30,
        "title": "test > lol > a",
      },
      {
        "annotation_level": "failure",
        "end_line": 25,
        "message": "Test failed...",
        "path": "tests/index.test.ts",
        "start_line": 30,
        "title": "test > lol > a",
      },
      {
        "annotation_level": "failure",
        "end_line": 25,
        "message": "Test failed...",
        "path": "tests/index.test.ts",
        "start_line": 30,
        "title": "test > lol > a",
      },
      {
        "annotation_level": "failure",
        "end_line": 25,
        "message": "Test failed...",
        "path": "tests/index.test.ts",
        "start_line": 30,
        "title": "test > lol > a",
      },
      {
        "annotation_level": "failure",
        "end_line": 25,
        "message": "Test failed...",
        "path": "tests/index.test.ts",
        "start_line": 30,
        "title": "test > lol > a",
      },
      {
        "annotation_level": "failure",
        "end_line": 25,
        "message": "Test failed...",
        "path": "tests/index.test.ts",
        "start_line": 30,
        "title": "test > lol > a",
      },
      {
        "annotation_level": "failure",
        "end_line": 25,
        "message": "Test failed...",
        "path": "tests/index.test.ts",
        "start_line": 30,
        "title": "test > lol > a",
      },
      {
        "annotation_level": "failure",
        "end_line": 25,
        "message": "Test failed...",
        "path": "tests/index.test.ts",
        "start_line": 30,
        "title": "test > lol > a",
      },
      {
        "annotation_level": "failure",
        "end_line": 25,
        "message": "Test failed...",
        "path": "tests/index.test.ts",
        "start_line": 30,
        "title": "test > lol > a",
      },
      {
        "annotation_level": "failure",
        "end_line": 25,
        "message": "Test failed...",
        "path": "tests/index.test.ts",
        "start_line": 30,
        "title": "test > lol > a",
      },
      {
        "annotation_level": "failure",
        "end_line": 25,
        "message": "Test failed...",
        "path": "tests/index.test.ts",
        "start_line": 30,
        "title": "test > lol > a",
      },
      {
        "annotation_level": "failure",
        "end_line": 25,
        "message": "Test failed...",
        "path": "tests/index.test.ts",
        "start_line": 30,
        "title": "test > lol > a",
      },
      {
        "annotation_level": "failure",
        "end_line": 25,
        "message": "Test failed...",
        "path": "tests/index.test.ts",
        "start_line": 30,
        "title": "test > lol > a",
      },
      {
        "annotation_level": "failure",
        "end_line": 25,
        "message": "Test failed...",
        "path": "tests/index.test.ts",
        "start_line": 30,
        "title": "test > lol > a",
      },
      {
        "annotation_level": "failure",
        "end_line": 25,
        "message": "Test failed...",
        "path": "tests/index.test.ts",
        "start_line": 30,
        "title": "test > lol > a",
      },
      {
        "annotation_level": "failure",
        "end_line": 25,
        "message": "Test failed...",
        "path": "tests/index.test.ts",
        "start_line": 30,
        "title": "test > lol > a",
      },
      {
        "annotation_level": "failure",
        "end_line": 25,
        "message": "Test failed...",
        "path": "tests/index.test.ts",
        "start_line": 30,
        "title": "test > lol > a",
      },
      {
        "annotation_level": "failure",
        "end_line": 25,
        "message": "Test failed...",
        "path": "tests/index.test.ts",
        "start_line": 30,
        "title": "test > lol > a",
      },
      {
        "annotation_level": "failure",
        "end_line": 25,
        "message": "Test failed...",
        "path": "tests/index.test.ts",
        "start_line": 30,
        "title": "test > lol > a",
      },
      {
        "annotation_level": "failure",
        "end_line": 25,
        "message": "Test failed...",
        "path": "tests/index.test.ts",
        "start_line": 30,
        "title": "test > lol > a",
      },
      {
        "annotation_level": "failure",
        "end_line": 25,
        "message": "Test failed...",
        "path": "tests/index.test.ts",
        "start_line": 30,
        "title": "test > lol > a",
      },
      {
        "annotation_level": "failure",
        "end_line": 25,
        "message": "Test failed...",
        "path": "tests/index.test.ts",
        "start_line": 30,
        "title": "test > lol > a",
      },
      {
        "annotation_level": "failure",
        "end_line": 25,
        "message": "Test failed...",
        "path": "tests/index.test.ts",
        "start_line": 30,
        "title": "test > lol > a",
      },
      {
        "annotation_level": "failure",
        "end_line": 25,
        "message": "Test failed...",
        "path": "tests/index.test.ts",
        "start_line": 30,
        "title": "test > lol > a",
      },
      {
        "annotation_level": "failure",
        "end_line": 25,
        "message": "Test failed...",
        "path": "tests/index.test.ts",
        "start_line": 30,
        "title": "test > lol > a",
      },
      {
        "annotation_level": "failure",
        "end_line": 25,
        "message": "Test failed...",
        "path": "tests/index.test.ts",
        "start_line": 30,
        "title": "test > lol > a",
      },
      {
        "annotation_level": "failure",
        "end_line": 25,
        "message": "Test failed...",
        "path": "tests/index.test.ts",
        "start_line": 30,
        "title": "test > lol > a",
      },
      {
        "annotation_level": "failure",
        "end_line": 25,
        "message": "Test failed...",
        "path": "tests/index.test.ts",
        "start_line": 30,
        "title": "test > lol > a",
      },
      {
        "annotation_level": "failure",
        "end_line": 25,
        "message": "Test failed...",
        "path": "tests/index.test.ts",
        "start_line": 30,
        "title": "test > lol > a",
      },
      {
        "annotation_level": "failure",
        "end_line": 25,
        "message": "Test failed...",
        "path": "tests/index.test.ts",
        "start_line": 30,
        "title": "test > lol > a",
      },
      {
        "annotation_level": "failure",
        "end_line": 25,
        "message": "Test failed...",
        "path": "tests/index.test.ts",
        "start_line": 30,
        "title": "test > lol > a",
      },
      {
        "annotation_level": "failure",
        "end_line": 25,
        "message": "Test failed...",
        "path": "tests/index.test.ts",
        "start_line": 30,
        "title": "test > lol > a",
      },
    ],
    "summary": "Some summary",
    "text": "Created failed tests' annotations. To disable them, see [documentation](https://github.com/ArtiomTr/jest-coverage-report-action#jest-coverage-report-).
Failures
3 annotations hidden. Only 50 can be displayed at once.",
    "title": "Test suite run failed",
  },
  "owner": "test-bot",
  "repo": "test",
  "status": "completed",
}
`;
