// Vitest Snapshot v1, https://vitest.dev/guide/snapshot.html

exports[`formatCoverageAnnotations > should format annotations for PR 1`] = `
{
  "conclusion": "success",
  "head_sha": "123456",
  "name": "Coverage annotations (ðŸ§ª jest-coverage-report-action)",
  "output": {
    "annotations": [
      {
        "annotation_level": "warning",
        "end_column": 21,
        "end_line": 5,
        "message": "Warning! Not covered statement",
        "path": "../../../../jest/examples/typescript/memory.ts",
        "start_column": 4,
        "start_line": 5,
        "title": "ðŸ§¾ Statement is not covered",
      },
      {
        "annotation_level": "warning",
        "end_column": 26,
        "end_line": 9,
        "message": "Warning! Not covered statement",
        "path": "../../../../jest/examples/typescript/memory.ts",
        "start_column": 4,
        "start_line": 9,
        "title": "ðŸ§¾ Statement is not covered",
      },
      {
        "annotation_level": "warning",
        "end_column": 24,
        "end_line": 11,
        "message": "Warning! Not covered statement",
        "path": "../../../../jest/examples/typescript/memory.ts",
        "start_column": 4,
        "start_line": 11,
        "title": "ðŸ§¾ Statement is not covered",
      },
      {
        "annotation_level": "warning",
        "end_column": 26,
        "end_line": 15,
        "message": "Warning! Not covered statement",
        "path": "../../../../jest/examples/typescript/memory.ts",
        "start_column": 4,
        "start_line": 15,
        "title": "ðŸ§¾ Statement is not covered",
      },
    ],
    "summary": "Coverage report annotations",
    "text": "Created coverage report annotations. To disable them, see [documentation](https://github.com/ArtiomTr/jest-coverage-report-action#jest-coverage-report-).",
    "title": "Coverage report annotations",
  },
  "status": "completed",
}
`;

exports[`formatCoverageAnnotations > should format annotations for commit 1`] = `
{
  "conclusion": "success",
  "head_sha": "111111",
  "name": "Coverage annotations (ðŸ§ª jest-coverage-report-action)",
  "output": {
    "annotations": [
      {
        "annotation_level": "warning",
        "end_column": 21,
        "end_line": 5,
        "message": "Warning! Not covered statement",
        "path": "../../../../jest/examples/typescript/memory.ts",
        "start_column": 4,
        "start_line": 5,
        "title": "ðŸ§¾ Statement is not covered",
      },
      {
        "annotation_level": "warning",
        "end_column": 26,
        "end_line": 9,
        "message": "Warning! Not covered statement",
        "path": "../../../../jest/examples/typescript/memory.ts",
        "start_column": 4,
        "start_line": 9,
        "title": "ðŸ§¾ Statement is not covered",
      },
      {
        "annotation_level": "warning",
        "end_column": 24,
        "end_line": 11,
        "message": "Warning! Not covered statement",
        "path": "../../../../jest/examples/typescript/memory.ts",
        "start_column": 4,
        "start_line": 11,
        "title": "ðŸ§¾ Statement is not covered",
      },
      {
        "annotation_level": "warning",
        "end_column": 26,
        "end_line": 15,
        "message": "Warning! Not covered statement",
        "path": "../../../../jest/examples/typescript/memory.ts",
        "start_column": 4,
        "start_line": 15,
        "title": "ðŸ§¾ Statement is not covered",
      },
    ],
    "summary": "Coverage report annotations",
    "text": "Created coverage report annotations. To disable them, see [documentation](https://github.com/ArtiomTr/jest-coverage-report-action#jest-coverage-report-).",
    "title": "Coverage report annotations",
  },
  "status": "completed",
}
`;

exports[`formatCoverageAnnotations > should leave only 50 annotations 1`] = `
{
  "conclusion": "success",
  "head_sha": "111111",
  "name": "Coverage annotations (ðŸ§ª jest-coverage-report-action)",
  "output": {
    "annotations": [
      {
        "annotation_level": "warning",
        "end_column": 21,
        "end_line": 5,
        "message": "Warning! Not covered statement",
        "path": "../../../../jest/examples/typescript/memory.ts",
        "start_column": 4,
        "start_line": 5,
        "title": "ðŸ§¾ Statement is not covered",
      },
      {
        "annotation_level": "warning",
        "end_column": 21,
        "end_line": 5,
        "message": "Warning! Not covered statement",
        "path": "../../../../jest/examples/typescript/memory.ts",
        "start_column": 4,
        "start_line": 5,
        "title": "ðŸ§¾ Statement is not covered",
      },
      {
        "annotation_level": "warning",
        "end_column": 21,
        "end_line": 5,
        "message": "Warning! Not covered statement",
        "path": "../../../../jest/examples/typescript/memory.ts",
        "start_column": 4,
        "start_line": 5,
        "title": "ðŸ§¾ Statement is not covered",
      },
      {
        "annotation_level": "warning",
        "end_column": 21,
        "end_line": 5,
        "message": "Warning! Not covered statement",
        "path": "../../../../jest/examples/typescript/memory.ts",
        "start_column": 4,
        "start_line": 5,
        "title": "ðŸ§¾ Statement is not covered",
      },
      {
        "annotation_level": "warning",
        "end_column": 21,
        "end_line": 5,
        "message": "Warning! Not covered statement",
        "path": "../../../../jest/examples/typescript/memory.ts",
        "start_column": 4,
        "start_line": 5,
        "title": "ðŸ§¾ Statement is not covered",
      },
      {
        "annotation_level": "warning",
        "end_column": 21,
        "end_line": 5,
        "message": "Warning! Not covered statement",
        "path": "../../../../jest/examples/typescript/memory.ts",
        "start_column": 4,
        "start_line": 5,
        "title": "ðŸ§¾ Statement is not covered",
      },
      {
        "annotation_level": "warning",
        "end_column": 21,
        "end_line": 5,
        "message": "Warning! Not covered statement",
        "path": "../../../../jest/examples/typescript/memory.ts",
        "start_column": 4,
        "start_line": 5,
        "title": "ðŸ§¾ Statement is not covered",
      },
      {
        "annotation_level": "warning",
        "end_column": 21,
        "end_line": 5,
        "message": "Warning! Not covered statement",
        "path": "../../../../jest/examples/typescript/memory.ts",
        "start_column": 4,
        "start_line": 5,
        "title": "ðŸ§¾ Statement is not covered",
      },
      {
        "annotation_level": "warning",
        "end_column": 21,
        "end_line": 5,
        "message": "Warning! Not covered statement",
        "path": "../../../../jest/examples/typescript/memory.ts",
        "start_column": 4,
        "start_line": 5,
        "title": "ðŸ§¾ Statement is not covered",
      },
      {
        "annotation_level": "warning",
        "end_column": 21,
        "end_line": 5,
        "message": "Warning! Not covered statement",
        "path": "../../../../jest/examples/typescript/memory.ts",
        "start_column": 4,
        "start_line": 5,
        "title": "ðŸ§¾ Statement is not covered",
      },
      {
        "annotation_level": "warning",
        "end_column": 21,
        "end_line": 5,
        "message": "Warning! Not covered statement",
        "path": "../../../../jest/examples/typescript/memory.ts",
        "start_column": 4,
        "start_line": 5,
        "title": "ðŸ§¾ Statement is not covered",
      },
      {
        "annotation_level": "warning",
        "end_column": 21,
        "end_line": 5,
        "message": "Warning! Not covered statement",
        "path": "../../../../jest/examples/typescript/memory.ts",
        "start_column": 4,
        "start_line": 5,
        "title": "ðŸ§¾ Statement is not covered",
      },
      {
        "annotation_level": "warning",
        "end_column": 21,
        "end_line": 5,
        "message": "Warning! Not covered statement",
        "path": "../../../../jest/examples/typescript/memory.ts",
        "start_column": 4,
        "start_line": 5,
        "title": "ðŸ§¾ Statement is not covered",
      },
      {
        "annotation_level": "warning",
        "end_column": 21,
        "end_line": 5,
        "message": "Warning! Not covered statement",
        "path": "../../../../jest/examples/typescript/memory.ts",
        "start_column": 4,
        "start_line": 5,
        "title": "ðŸ§¾ Statement is not covered",
      },
      {
        "annotation_level": "warning",
        "end_column": 21,
        "end_line": 5,
        "message": "Warning! Not covered statement",
        "path": "../../../../jest/examples/typescript/memory.ts",
        "start_column": 4,
        "start_line": 5,
        "title": "ðŸ§¾ Statement is not covered",
      },
      {
        "annotation_level": "warning",
        "end_column": 21,
        "end_line": 5,
        "message": "Warning! Not covered statement",
        "path": "../../../../jest/examples/typescript/memory.ts",
        "start_column": 4,
        "start_line": 5,
        "title": "ðŸ§¾ Statement is not covered",
      },
      {
        "annotation_level": "warning",
        "end_column": 21,
        "end_line": 5,
        "message": "Warning! Not covered statement",
        "path": "../../../../jest/examples/typescript/memory.ts",
        "start_column": 4,
        "start_line": 5,
        "title": "ðŸ§¾ Statement is not covered",
      },
      {
        "annotation_level": "warning",
        "end_column": 21,
        "end_line": 5,
        "message": "Warning! Not covered statement",
        "path": "../../../../jest/examples/typescript/memory.ts",
        "start_column": 4,
        "start_line": 5,
        "title": "ðŸ§¾ Statement is not covered",
      },
      {
        "annotation_level": "warning",
        "end_column": 21,
        "end_line": 5,
        "message": "Warning! Not covered statement",
        "path": "../../../../jest/examples/typescript/memory.ts",
        "start_column": 4,
        "start_line": 5,
        "title": "ðŸ§¾ Statement is not covered",
      },
      {
        "annotation_level": "warning",
        "end_column": 21,
        "end_line": 5,
        "message": "Warning! Not covered statement",
        "path": "../../../../jest/examples/typescript/memory.ts",
        "start_column": 4,
        "start_line": 5,
        "title": "ðŸ§¾ Statement is not covered",
      },
      {
        "annotation_level": "warning",
        "end_column": 21,
        "end_line": 5,
        "message": "Warning! Not covered statement",
        "path": "../../../../jest/examples/typescript/memory.ts",
        "start_column": 4,
        "start_line": 5,
        "title": "ðŸ§¾ Statement is not covered",
      },
      {
        "annotation_level": "warning",
        "end_column": 21,
        "end_line": 5,
        "message": "Warning! Not covered statement",
        "path": "../../../../jest/examples/typescript/memory.ts",
        "start_column": 4,
        "start_line": 5,
        "title": "ðŸ§¾ Statement is not covered",
      },
      {
        "annotation_level": "warning",
        "end_column": 21,
        "end_line": 5,
        "message": "Warning! Not covered statement",
        "path": "../../../../jest/examples/typescript/memory.ts",
        "start_column": 4,
        "start_line": 5,
        "title": "ðŸ§¾ Statement is not covered",
      },
      {
        "annotation_level": "warning",
        "end_column": 21,
        "end_line": 5,
        "message": "Warning! Not covered statement",
        "path": "../../../../jest/examples/typescript/memory.ts",
        "start_column": 4,
        "start_line": 5,
        "title": "ðŸ§¾ Statement is not covered",
      },
      {
        "annotation_level": "warning",
        "end_column": 21,
        "end_line": 5,
        "message": "Warning! Not covered statement",
        "path": "../../../../jest/examples/typescript/memory.ts",
        "start_column": 4,
        "start_line": 5,
        "title": "ðŸ§¾ Statement is not covered",
      },
      {
        "annotation_level": "warning",
        "end_column": 21,
        "end_line": 5,
        "message": "Warning! Not covered statement",
        "path": "../../../../jest/examples/typescript/memory.ts",
        "start_column": 4,
        "start_line": 5,
        "title": "ðŸ§¾ Statement is not covered",
      },
      {
        "annotation_level": "warning",
        "end_column": 21,
        "end_line": 5,
        "message": "Warning! Not covered statement",
        "path": "../../../../jest/examples/typescript/memory.ts",
        "start_column": 4,
        "start_line": 5,
        "title": "ðŸ§¾ Statement is not covered",
      },
      {
        "annotation_level": "warning",
        "end_column": 21,
        "end_line": 5,
        "message": "Warning! Not covered statement",
        "path": "../../../../jest/examples/typescript/memory.ts",
        "start_column": 4,
        "start_line": 5,
        "title": "ðŸ§¾ Statement is not covered",
      },
      {
        "annotation_level": "warning",
        "end_column": 21,
        "end_line": 5,
        "message": "Warning! Not covered statement",
        "path": "../../../../jest/examples/typescript/memory.ts",
        "start_column": 4,
        "start_line": 5,
        "title": "ðŸ§¾ Statement is not covered",
      },
      {
        "annotation_level": "warning",
        "end_column": 21,
        "end_line": 5,
        "message": "Warning! Not covered statement",
        "path": "../../../../jest/examples/typescript/memory.ts",
        "start_column": 4,
        "start_line": 5,
        "title": "ðŸ§¾ Statement is not covered",
      },
      {
        "annotation_level": "warning",
        "end_column": 21,
        "end_line": 5,
        "message": "Warning! Not covered statement",
        "path": "../../../../jest/examples/typescript/memory.ts",
        "start_column": 4,
        "start_line": 5,
        "title": "ðŸ§¾ Statement is not covered",
      },
      {
        "annotation_level": "warning",
        "end_column": 21,
        "end_line": 5,
        "message": "Warning! Not covered statement",
        "path": "../../../../jest/examples/typescript/memory.ts",
        "start_column": 4,
        "start_line": 5,
        "title": "ðŸ§¾ Statement is not covered",
      },
      {
        "annotation_level": "warning",
        "end_column": 21,
        "end_line": 5,
        "message": "Warning! Not covered statement",
        "path": "../../../../jest/examples/typescript/memory.ts",
        "start_column": 4,
        "start_line": 5,
        "title": "ðŸ§¾ Statement is not covered",
      },
      {
        "annotation_level": "warning",
        "end_column": 21,
        "end_line": 5,
        "message": "Warning! Not covered statement",
        "path": "../../../../jest/examples/typescript/memory.ts",
        "start_column": 4,
        "start_line": 5,
        "title": "ðŸ§¾ Statement is not covered",
      },
      {
        "annotation_level": "warning",
        "end_column": 21,
        "end_line": 5,
        "message": "Warning! Not covered statement",
        "path": "../../../../jest/examples/typescript/memory.ts",
        "start_column": 4,
        "start_line": 5,
        "title": "ðŸ§¾ Statement is not covered",
      },
      {
        "annotation_level": "warning",
        "end_column": 21,
        "end_line": 5,
        "message": "Warning! Not covered statement",
        "path": "../../../../jest/examples/typescript/memory.ts",
        "start_column": 4,
        "start_line": 5,
        "title": "ðŸ§¾ Statement is not covered",
      },
      {
        "annotation_level": "warning",
        "end_column": 21,
        "end_line": 5,
        "message": "Warning! Not covered statement",
        "path": "../../../../jest/examples/typescript/memory.ts",
        "start_column": 4,
        "start_line": 5,
        "title": "ðŸ§¾ Statement is not covered",
      },
      {
        "annotation_level": "warning",
        "end_column": 21,
        "end_line": 5,
        "message": "Warning! Not covered statement",
        "path": "../../../../jest/examples/typescript/memory.ts",
        "start_column": 4,
        "start_line": 5,
        "title": "ðŸ§¾ Statement is not covered",
      },
      {
        "annotation_level": "warning",
        "end_column": 21,
        "end_line": 5,
        "message": "Warning! Not covered statement",
        "path": "../../../../jest/examples/typescript/memory.ts",
        "start_column": 4,
        "start_line": 5,
        "title": "ðŸ§¾ Statement is not covered",
      },
      {
        "annotation_level": "warning",
        "end_column": 21,
        "end_line": 5,
        "message": "Warning! Not covered statement",
        "path": "../../../../jest/examples/typescript/memory.ts",
        "start_column": 4,
        "start_line": 5,
        "title": "ðŸ§¾ Statement is not covered",
      },
      {
        "annotation_level": "warning",
        "end_column": 21,
        "end_line": 5,
        "message": "Warning! Not covered statement",
        "path": "../../../../jest/examples/typescript/memory.ts",
        "start_column": 4,
        "start_line": 5,
        "title": "ðŸ§¾ Statement is not covered",
      },
      {
        "annotation_level": "warning",
        "end_column": 21,
        "end_line": 5,
        "message": "Warning! Not covered statement",
        "path": "../../../../jest/examples/typescript/memory.ts",
        "start_column": 4,
        "start_line": 5,
        "title": "ðŸ§¾ Statement is not covered",
      },
      {
        "annotation_level": "warning",
        "end_column": 21,
        "end_line": 5,
        "message": "Warning! Not covered statement",
        "path": "../../../../jest/examples/typescript/memory.ts",
        "start_column": 4,
        "start_line": 5,
        "title": "ðŸ§¾ Statement is not covered",
      },
      {
        "annotation_level": "warning",
        "end_column": 21,
        "end_line": 5,
        "message": "Warning! Not covered statement",
        "path": "../../../../jest/examples/typescript/memory.ts",
        "start_column": 4,
        "start_line": 5,
        "title": "ðŸ§¾ Statement is not covered",
      },
      {
        "annotation_level": "warning",
        "end_column": 21,
        "end_line": 5,
        "message": "Warning! Not covered statement",
        "path": "../../../../jest/examples/typescript/memory.ts",
        "start_column": 4,
        "start_line": 5,
        "title": "ðŸ§¾ Statement is not covered",
      },
      {
        "annotation_level": "warning",
        "end_column": 21,
        "end_line": 5,
        "message": "Warning! Not covered statement",
        "path": "../../../../jest/examples/typescript/memory.ts",
        "start_column": 4,
        "start_line": 5,
        "title": "ðŸ§¾ Statement is not covered",
      },
      {
        "annotation_level": "warning",
        "end_column": 21,
        "end_line": 5,
        "message": "Warning! Not covered statement",
        "path": "../../../../jest/examples/typescript/memory.ts",
        "start_column": 4,
        "start_line": 5,
        "title": "ðŸ§¾ Statement is not covered",
      },
      {
        "annotation_level": "warning",
        "end_column": 21,
        "end_line": 5,
        "message": "Warning! Not covered statement",
        "path": "../../../../jest/examples/typescript/memory.ts",
        "start_column": 4,
        "start_line": 5,
        "title": "ðŸ§¾ Statement is not covered",
      },
      {
        "annotation_level": "warning",
        "end_column": 21,
        "end_line": 5,
        "message": "Warning! Not covered statement",
        "path": "../../../../jest/examples/typescript/memory.ts",
        "start_column": 4,
        "start_line": 5,
        "title": "ðŸ§¾ Statement is not covered",
      },
    ],
    "summary": "Coverage report annotations",
    "text": "Created coverage report annotations. To disable them, see [documentation](https://github.com/ArtiomTr/jest-coverage-report-action#jest-coverage-report-).
2 annotations hidden. Only 50 can be displayed at once.",
    "title": "Coverage report annotations",
  },
  "status": "completed",
}
`;
