// Vitest Snapshot v1, https://vitest.dev/guide/snapshot.html

exports[`formatCoverageDetails > should match snapshots 1`] = `
"
<details><summary>Show new covered files 游냒</summary>
<br/>

| <div title=\\"Status of coverage:&#10; 游릭 - ok&#10; 游리 - slightly more than threshold&#10; 游댮 - under the threshold\\">St.<sup>:grey_question:</sup></div> | File       | Statements | Branches | Functions | Lines |
| :----------------------------------------------------------------------------------------------------------------------------------------------------: | :--------- | :--------- | :------- | :-------- | :---- |
|                                                                           游댮                                                                           | newFile.ts | 50%        | 50%      | 50%       | 50%   |

</details>


<details><summary>Show files with reduced coverage 游댵</summary>
<br/>

| <div title=\\"Status of coverage:&#10; 游릭 - ok&#10; 游리 - slightly more than threshold&#10; 游댮 - under the threshold\\">St.<sup>:grey_question:</sup></div> | File         | Statements                                             | Branches                                               | Functions                                              | Lines                                                  |
| :----------------------------------------------------------------------------------------------------------------------------------------------------: | :----------- | :----------------------------------------------------- | :----------------------------------------------------- | :----------------------------------------------------- | :----------------------------------------------------- |
|                                                                           游리                                                                           | decreased.ts | <div title=\\"Base coverage is: 80%\\">70% (-10% 游댵)</div> | <div title=\\"Base coverage is: 60%\\">50% (-10% 游댵)</div> | <div title=\\"Base coverage is: 60%\\">50% (-10% 游댵)</div> | <div title=\\"Base coverage is: 90%\\">80% (-10% 游댵)</div> |

</details>
"
`;
