// Vitest Snapshot v1, https://vitest.dev/guide/snapshot.html

exports[`getFileCoverageDetailRow > should return formatted detail row (decreased coverage) 1`] = `
[
  "ğŸ”´",
  "hello.ts",
  "<div title=\\"Base coverage is: 60%\\">50% (-10% ğŸ”»)</div>",
  "100%",
  "<div title=\\"Base coverage is: 60%\\">50% (-10% ğŸ”»)</div>",
  "<div title=\\"Base coverage is: 60%\\">50% (-10% ğŸ”»)</div>",
]
`;

exports[`getFileCoverageDetailRow > should return formatted detail row (increased coverage) 1`] = `
[
  "ğŸ”´",
  "hello.ts",
  "<div title=\\"Base coverage is: 40%\\">50% (+10% ğŸ”¼)</div>",
  "100%",
  "<div title=\\"Base coverage is: 40%\\">50% (+10% ğŸ”¼)</div>",
  "<div title=\\"Base coverage is: 40%\\">50% (+10% ğŸ”¼)</div>",
]
`;

exports[`getFileCoverageDetailRow > should return formatted detail row (no base details) 1`] = `
[
  "ğŸ”´",
  "hello.ts",
  "50%",
  "100%",
  "50%",
  "50%",
]
`;
