// Vitest Snapshot v1, https://vitest.dev/guide/snapshot.html

exports[`parseDetails > should match snapshots 1`] = `
{
  "CheckboxWithLabel.tsx": {
    "branches": 100,
    "filename": "CheckboxWithLabel.tsx",
    "functions": 100,
    "lines": 100,
    "statements": 100,
  },
  "calc.ts": {
    "branches": 100,
    "filename": "calc.ts",
    "functions": 100,
    "lines": 100,
    "statements": 100,
  },
  "memory.ts": {
    "branches": 100,
    "filename": "memory.ts",
    "functions": 0,
    "lines": 0,
    "statements": 0,
  },
  "sub.ts": {
    "branches": 100,
    "filename": "sub.ts",
    "functions": 100,
    "lines": 100,
    "statements": 100,
  },
  "sum.js": {
    "branches": 100,
    "filename": "sum.js",
    "functions": 100,
    "lines": 100,
    "statements": 100,
  },
  "sum.ts": {
    "branches": 100,
    "filename": "sum.ts",
    "functions": 100,
    "lines": 100,
    "statements": 100,
  },
}
`;

exports[`parseDetails > should match snapshots 2`] = `
{
  "annotations/createCoverageAnnotations.ts": {
    "branches": 0,
    "filename": "annotations/createCoverageAnnotations.ts",
    "functions": 0,
    "lines": 0,
    "statements": 0,
  },
  "annotations/createFailedTestsAnnotations.ts": {
    "branches": 0,
    "filename": "annotations/createFailedTestsAnnotations.ts",
    "functions": 0,
    "lines": 0,
    "statements": 0,
  },
  "annotations/isAnnotationEnabled.ts": {
    "branches": 0,
    "filename": "annotations/isAnnotationEnabled.ts",
    "functions": 0,
    "lines": 0,
    "statements": 0,
  },
  "constants/REPORT_PATH.ts": {
    "branches": 100,
    "filename": "constants/REPORT_PATH.ts",
    "functions": 100,
    "lines": 100,
    "statements": 100,
  },
  "constants/getReportTag.ts": {
    "branches": 100,
    "filename": "constants/getReportTag.ts",
    "functions": 100,
    "lines": 100,
    "statements": 100,
  },
  "format/annotations/formatCoverageAnnotations.ts": {
    "branches": 0,
    "filename": "format/annotations/formatCoverageAnnotations.ts",
    "functions": 0,
    "lines": 0,
    "statements": 0,
  },
  "format/annotations/formatFailedTestsAnnotations.ts": {
    "branches": 0,
    "filename": "format/annotations/formatFailedTestsAnnotations.ts",
    "functions": 0,
    "lines": 0,
    "statements": 0,
  },
  "format/annotations/getFailedAnnotationsSummary.ts": {
    "branches": 0,
    "filename": "format/annotations/getFailedAnnotationsSummary.ts",
    "functions": 0,
    "lines": 0,
    "statements": 0,
  },
  "format/annotations/getFailedTestsAnnotationsBody.ts": {
    "branches": 100,
    "filename": "format/annotations/getFailedTestsAnnotationsBody.ts",
    "functions": 0,
    "lines": 0,
    "statements": 0,
  },
  "format/counters.ts": {
    "branches": 71.42857142857143,
    "filename": "format/counters.ts",
    "functions": 100,
    "lines": 96.55172413793103,
    "statements": 97.43589743589743,
  },
  "format/details/findCommonPath.ts": {
    "branches": 100,
    "filename": "format/details/findCommonPath.ts",
    "functions": 100,
    "lines": 100,
    "statements": 100,
  },
  "format/details/formatCoverageDetails.ts": {
    "branches": 100,
    "filename": "format/details/formatCoverageDetails.ts",
    "functions": 100,
    "lines": 100,
    "statements": 100,
  },
  "format/details/formatCoverageDetailsPart.ts": {
    "branches": 100,
    "filename": "format/details/formatCoverageDetailsPart.ts",
    "functions": 100,
    "lines": 100,
    "statements": 100,
  },
  "format/details/getDecreasedCoverage.ts": {
    "branches": 100,
    "filename": "format/details/getDecreasedCoverage.ts",
    "functions": 100,
    "lines": 100,
    "statements": 100,
  },
  "format/details/getFileCoverageDetailRow.ts": {
    "branches": 100,
    "filename": "format/details/getFileCoverageDetailRow.ts",
    "functions": 100,
    "lines": 100,
    "statements": 100,
  },
  "format/details/getNewFilesCoverage.ts": {
    "branches": 100,
    "filename": "format/details/getNewFilesCoverage.ts",
    "functions": 100,
    "lines": 100,
    "statements": 100,
  },
  "format/details/parseDetails.ts": {
    "branches": 50,
    "filename": "format/details/parseDetails.ts",
    "functions": 100,
    "lines": 100,
    "statements": 100,
  },
  "format/details/shrinkLongPath.ts": {
    "branches": 50,
    "filename": "format/details/shrinkLongPath.ts",
    "functions": 100,
    "lines": 83.33333333333334,
    "statements": 85.71428571428571,
  },
  "format/formatCoverage.ts": {
    "branches": 50,
    "filename": "format/formatCoverage.ts",
    "functions": 100,
    "lines": 85.71428571428571,
    "statements": 87.5,
  },
  "format/formatErrors.ts": {
    "branches": 12.5,
    "filename": "format/formatErrors.ts",
    "functions": 50,
    "lines": 31.25,
    "statements": 35.294117647058826,
  },
  "format/formatRunReport.ts": {
    "branches": 100,
    "filename": "format/formatRunReport.ts",
    "functions": 100,
    "lines": 100,
    "statements": 100,
  },
  "format/getFormattedCoverage.ts": {
    "branches": 100,
    "filename": "format/getFormattedCoverage.ts",
    "functions": 100,
    "lines": 100,
    "statements": 100,
  },
  "format/getFormattedFailures.ts": {
    "branches": 80,
    "filename": "format/getFormattedFailures.ts",
    "functions": 100,
    "lines": 91.66666666666666,
    "statements": 93.33333333333333,
  },
  "format/getPercents.ts": {
    "branches": 100,
    "filename": "format/getPercents.ts",
    "functions": 100,
    "lines": 100,
    "statements": 100,
  },
  "format/summary/formatCoverageSummary.ts": {
    "branches": 100,
    "filename": "format/summary/formatCoverageSummary.ts",
    "functions": 100,
    "lines": 100,
    "statements": 100,
  },
  "format/summary/getSummary.ts": {
    "branches": 100,
    "filename": "format/summary/getSummary.ts",
    "functions": 100,
    "lines": 100,
    "statements": 100,
  },
  "format/summary/getTestRunSummary.ts": {
    "branches": 100,
    "filename": "format/summary/getTestRunSummary.ts",
    "functions": 100,
    "lines": 100,
    "statements": 100,
  },
  "format/summary/parseSummary.ts": {
    "branches": 100,
    "filename": "format/summary/parseSummary.ts",
    "functions": 100,
    "lines": 100,
    "statements": 100,
  },
  "index.ts": {
    "branches": 0,
    "filename": "index.ts",
    "functions": 0,
    "lines": 0,
    "statements": 0,
  },
  "report/fetchPreviousReport.ts": {
    "branches": 100,
    "filename": "report/fetchPreviousReport.ts",
    "functions": 100,
    "lines": 100,
    "statements": 100,
  },
  "report/generateCommitReport.ts": {
    "branches": 100,
    "filename": "report/generateCommitReport.ts",
    "functions": 100,
    "lines": 100,
    "statements": 100,
  },
  "report/generatePRReport.ts": {
    "branches": 100,
    "filename": "report/generatePRReport.ts",
    "functions": 100,
    "lines": 100,
    "statements": 100,
  },
  "stages/collectCoverage.ts": {
    "branches": 100,
    "filename": "stages/collectCoverage.ts",
    "functions": 100,
    "lines": 100,
    "statements": 100,
  },
  "stages/createReport.ts": {
    "branches": 100,
    "filename": "stages/createReport.ts",
    "functions": 100,
    "lines": 100,
    "statements": 100,
  },
  "stages/getCoverage.ts": {
    "branches": 100,
    "filename": "stages/getCoverage.ts",
    "functions": 100,
    "lines": 100,
    "statements": 100,
  },
  "stages/installDependencies.ts": {
    "branches": 100,
    "filename": "stages/installDependencies.ts",
    "functions": 100,
    "lines": 100,
    "statements": 100,
  },
  "stages/parseCoverage.ts": {
    "branches": 100,
    "filename": "stages/parseCoverage.ts",
    "functions": 100,
    "lines": 100,
    "statements": 100,
  },
  "stages/runTest.ts": {
    "branches": 100,
    "filename": "stages/runTest.ts",
    "functions": 100,
    "lines": 100,
    "statements": 100,
  },
  "stages/switchBranch.ts": {
    "branches": 100,
    "filename": "stages/switchBranch.ts",
    "functions": 100,
    "lines": 100,
    "statements": 100,
  },
  "typings/Options.ts": {
    "branches": 50,
    "filename": "typings/Options.ts",
    "functions": 100,
    "lines": 96.7741935483871,
    "statements": 97.05882352941177,
  },
  "typings/Report.ts": {
    "branches": 100,
    "filename": "typings/Report.ts",
    "functions": 100,
    "lines": 100,
    "statements": 100,
  },
  "utils/DataCollector.ts": {
    "branches": 100,
    "filename": "utils/DataCollector.ts",
    "functions": 100,
    "lines": 100,
    "statements": 100,
  },
  "utils/createMarkdownSpoiler.ts": {
    "branches": 100,
    "filename": "utils/createMarkdownSpoiler.ts",
    "functions": 100,
    "lines": 100,
    "statements": 100,
  },
  "utils/decimalToString.ts": {
    "branches": 100,
    "filename": "utils/decimalToString.ts",
    "functions": 100,
    "lines": 100,
    "statements": 100,
  },
  "utils/formatPercentage.ts": {
    "branches": 100,
    "filename": "utils/formatPercentage.ts",
    "functions": 100,
    "lines": 100,
    "statements": 100,
  },
  "utils/formatPercentageDelta.ts": {
    "branches": 100,
    "filename": "utils/formatPercentageDelta.ts",
    "functions": 100,
    "lines": 100,
    "statements": 100,
  },
  "utils/getConsoleLink.ts": {
    "branches": 100,
    "filename": "utils/getConsoleLink.ts",
    "functions": 100,
    "lines": 100,
    "statements": 100,
  },
  "utils/getStatusOfPercents.ts": {
    "branches": 100,
    "filename": "utils/getStatusOfPercents.ts",
    "functions": 100,
    "lines": 100,
    "statements": 100,
  },
  "utils/i18n.ts": {
    "branches": 100,
    "filename": "utils/i18n.ts",
    "functions": 100,
    "lines": 100,
    "statements": 100,
  },
  "utils/insertArgs.ts": {
    "branches": 100,
    "filename": "utils/insertArgs.ts",
    "functions": 100,
    "lines": 100,
    "statements": 100,
  },
  "utils/joinPaths.ts": {
    "branches": 100,
    "filename": "utils/joinPaths.ts",
    "functions": 100,
    "lines": 100,
    "statements": 100,
  },
  "utils/runStage.ts": {
    "branches": 100,
    "filename": "utils/runStage.ts",
    "functions": 100,
    "lines": 100,
    "statements": 100,
  },
  "utils/withExplanation.ts": {
    "branches": 100,
    "filename": "utils/withExplanation.ts",
    "functions": 100,
    "lines": 100,
    "statements": 100,
  },
}
`;
