// Jest Snapshot v1, https://goo.gl/fbAQLP

exports[`getSummary Should generate a line number coverage report 1`] = `
Object {
  "covered": 25,
  "percentage": 80.64516129032258,
  "title": "Lines",
  "total": 31,
}
`;
