// Vitest Snapshot v1, https://vitest.dev/guide/snapshot.html

exports[`formatCoverageSummary > should format summary when head and base coverage specified (with threshold) 1`] = `
"| <div title=\\"Status of coverage:&#10; 游릭 - ok&#10; 游리 - slightly more than threshold&#10; 游댮 - under the threshold\\">St.<sup>:grey_question:</sup></div> | Category   | Percentage                                                   | Covered / Total |
| :----------------------------------------------------------------------------------------------------------------------------------------------------: | :--------- | :----------------------------------------------------------- | :-------------: |
|                                                                           游리                                                                           | Statements | <div title=\\"Base coverage is: 50%\\">76.67% (+26.67% 游댶)</div> |      23/30      |"
`;

exports[`formatCoverageSummary > should format summary when head and base coverage specified (with threshold) 2`] = `
"| <div title=\\"Status of coverage:&#10; 游릭 - ok&#10; 游리 - slightly more than threshold&#10; 游댮 - under the threshold\\">St.<sup>:grey_question:</sup></div> | Category   | Percentage                                                   | Covered / Total |
| :----------------------------------------------------------------------------------------------------------------------------------------------------: | :--------- | :----------------------------------------------------------- | :-------------: |
|                                                                           游댮                                                                           | Statements | <div title=\\"Base coverage is: 96.67%\\">76.67% (-20% 游댵)</div> |      23/30      |"
`;

exports[`formatCoverageSummary > should format summary when head and base coverage specified (with threshold) 3`] = `
"| <div title=\\"Status of coverage:&#10; 游릭 - ok&#10; 游리 - slightly more than threshold&#10; 游댮 - under the threshold\\">St.<sup>:grey_question:</sup></div> | Category   | Percentage | Covered / Total |
| :----------------------------------------------------------------------------------------------------------------------------------------------------: | :--------- | :--------- | :-------------: |
|                                                                           游댮                                                                           | Statements | 76.67%     |      23/30      |"
`;

exports[`formatCoverageSummary > should format summary when head and base coverage specified (with threshold) 4`] = `
"| <div title=\\"Status of coverage:&#10; 游릭 - ok&#10; 游리 - slightly more than threshold&#10; 游댮 - under the threshold\\">St.<sup>:grey_question:</sup></div> | Category   | Percentage | Covered / Total |
| :----------------------------------------------------------------------------------------------------------------------------------------------------: | :--------- | :--------- | :-------------: |
|                                                                           游릭                                                                           | Statements | 96.67%     |      29/30      |"
`;

exports[`formatCoverageSummary > should format summary when head and base coverage specified 1`] = `
"| <div title=\\"Status of coverage:&#10; 游릭 - ok&#10; 游리 - slightly more than threshold&#10; 游댮 - under the threshold\\">St.<sup>:grey_question:</sup></div> | Category   | Percentage                                                   | Covered / Total |
| :----------------------------------------------------------------------------------------------------------------------------------------------------: | :--------- | :----------------------------------------------------------- | :-------------: |
|                                                                           游리                                                                           | Statements | <div title=\\"Base coverage is: 50%\\">76.67% (+26.67% 游댶)</div> |      23/30      |"
`;

exports[`formatCoverageSummary > should format summary when head and base coverage specified 2`] = `
"| <div title=\\"Status of coverage:&#10; 游릭 - ok&#10; 游리 - slightly more than threshold&#10; 游댮 - under the threshold\\">St.<sup>:grey_question:</sup></div> | Category   | Percentage                                                   | Covered / Total |
| :----------------------------------------------------------------------------------------------------------------------------------------------------: | :--------- | :----------------------------------------------------------- | :-------------: |
|                                                                           游리                                                                           | Statements | <div title=\\"Base coverage is: 96.67%\\">76.67% (-20% 游댵)</div> |      23/30      |"
`;
