// Vitest Snapshot v1, https://vitest.dev/guide/snapshot.html

exports[`parseSummary > should parse summary from mock data 1`] = `
[
  {
    "covered": 27,
    "percentage": 81.81818181818183,
    "title": "Statements",
    "total": 33,
  },
  {
    "covered": 8,
    "percentage": 100,
    "title": "Branches",
    "total": 8,
  },
  {
    "covered": 7,
    "percentage": 63.63636363636363,
    "title": "Functions",
    "total": 11,
  },
  {
    "covered": 25,
    "percentage": 80.64516129032258,
    "title": "Lines",
    "total": 31,
  },
]
`;
