// Vitest Snapshot v1, https://vitest.dev/guide/snapshot.html

exports[`getFormattedCoverage > should match snapshots 1`] = `
"| <div title=\\"Status of coverage:&#10; 游릭 - ok&#10; 游리 - slightly more than threshold&#10; 游댮 - under the threshold\\">St.<sup>:grey_question:</sup></div> | Category   | Percentage | Covered / Total |
| :----------------------------------------------------------------------------------------------------------------------------------------------------: | :--------- | :--------- | :-------------: |
|                                                                           游릭                                                                           | Statements | 81.82%     |      27/33      |
|                                                                           游릭                                                                           | Branches   | 100%       |       8/8       |
|                                                                           游리                                                                           | Functions  | 63.64%     |       7/11      |
|                                                                           游릭                                                                           | Lines      | 80.65%     |      25/31      |

"
`;
